Archive member included to satisfy reference by file (symbol)

c:/users/dymov/downloads/eclipse-cpp-kepler-sr2-win32/eclipse/plugins/fr.ac6.mcu.externaltools.arm-none.win32_1.17.0.201812190825/tools/compiler/bin/../lib/gcc/arm-none-eabi/7.3.1/thumb/v6-m\libgcc.a(_udivsi3.o)
                              Src/system_stm32f0xx.o (__aeabi_uidiv)
c:/users/dymov/downloads/eclipse-cpp-kepler-sr2-win32/eclipse/plugins/fr.ac6.mcu.externaltools.arm-none.win32_1.17.0.201812190825/tools/compiler/bin/../lib/gcc/arm-none-eabi/7.3.1/thumb/v6-m\libgcc.a(_divsi3.o)
                              Src/LPS25HB_Driver.o (__aeabi_idiv)
c:/users/dymov/downloads/eclipse-cpp-kepler-sr2-win32/eclipse/plugins/fr.ac6.mcu.externaltools.arm-none.win32_1.17.0.201812190825/tools/compiler/bin/../lib/gcc/arm-none-eabi/7.3.1/thumb/v6-m\libgcc.a(_dvmd_tls.o)
                              c:/users/dymov/downloads/eclipse-cpp-kepler-sr2-win32/eclipse/plugins/fr.ac6.mcu.externaltools.arm-none.win32_1.17.0.201812190825/tools/compiler/bin/../lib/gcc/arm-none-eabi/7.3.1/thumb/v6-m\libgcc.a(_udivsi3.o) (__aeabi_idiv0)
c:/users/dymov/downloads/eclipse-cpp-kepler-sr2-win32/eclipse/plugins/fr.ac6.mcu.externaltools.arm-none.win32_1.17.0.201812190825/tools/compiler/bin/../lib/gcc/arm-none-eabi/7.3.1/thumb/v6-m\libgcc.a(addsf3.o)
                              Src/NMEA.o (__aeabi_fadd)
c:/users/dymov/downloads/eclipse-cpp-kepler-sr2-win32/eclipse/plugins/fr.ac6.mcu.externaltools.arm-none.win32_1.17.0.201812190825/tools/compiler/bin/../lib/gcc/arm-none-eabi/7.3.1/thumb/v6-m\libgcc.a(floatsisf.o)
                              Src/NMEA.o (__aeabi_i2f)
c:/users/dymov/downloads/eclipse-cpp-kepler-sr2-win32/eclipse/plugins/fr.ac6.mcu.externaltools.arm-none.win32_1.17.0.201812190825/tools/compiler/bin/../lib/gcc/arm-none-eabi/7.3.1/thumb/v6-m\libgcc.a(adddf3.o)
                              Src/NMEA.o (__aeabi_dadd)
c:/users/dymov/downloads/eclipse-cpp-kepler-sr2-win32/eclipse/plugins/fr.ac6.mcu.externaltools.arm-none.win32_1.17.0.201812190825/tools/compiler/bin/../lib/gcc/arm-none-eabi/7.3.1/thumb/v6-m\libgcc.a(divdf3.o)
                              Src/NMEA.o (__aeabi_ddiv)
c:/users/dymov/downloads/eclipse-cpp-kepler-sr2-win32/eclipse/plugins/fr.ac6.mcu.externaltools.arm-none.win32_1.17.0.201812190825/tools/compiler/bin/../lib/gcc/arm-none-eabi/7.3.1/thumb/v6-m\libgcc.a(muldf3.o)
                              Src/NMEA.o (__aeabi_dmul)
c:/users/dymov/downloads/eclipse-cpp-kepler-sr2-win32/eclipse/plugins/fr.ac6.mcu.externaltools.arm-none.win32_1.17.0.201812190825/tools/compiler/bin/../lib/gcc/arm-none-eabi/7.3.1/thumb/v6-m\libgcc.a(floatsidf.o)
                              Src/NMEA.o (__aeabi_i2d)
c:/users/dymov/downloads/eclipse-cpp-kepler-sr2-win32/eclipse/plugins/fr.ac6.mcu.externaltools.arm-none.win32_1.17.0.201812190825/tools/compiler/bin/../lib/gcc/arm-none-eabi/7.3.1/thumb/v6-m\libgcc.a(extendsfdf2.o)
                              Src/NMEA.o (__aeabi_f2d)
c:/users/dymov/downloads/eclipse-cpp-kepler-sr2-win32/eclipse/plugins/fr.ac6.mcu.externaltools.arm-none.win32_1.17.0.201812190825/tools/compiler/bin/../lib/gcc/arm-none-eabi/7.3.1/thumb/v6-m\libgcc.a(truncdfsf2.o)
                              Src/NMEA.o (__aeabi_d2f)
c:/users/dymov/downloads/eclipse-cpp-kepler-sr2-win32/eclipse/plugins/fr.ac6.mcu.externaltools.arm-none.win32_1.17.0.201812190825/tools/compiler/bin/../lib/gcc/arm-none-eabi/7.3.1/thumb/v6-m\libgcc.a(_clzsi2.o)
                              c:/users/dymov/downloads/eclipse-cpp-kepler-sr2-win32/eclipse/plugins/fr.ac6.mcu.externaltools.arm-none.win32_1.17.0.201812190825/tools/compiler/bin/../lib/gcc/arm-none-eabi/7.3.1/thumb/v6-m\libgcc.a(addsf3.o) (__clzsi2)
c:/users/dymov/downloads/eclipse-cpp-kepler-sr2-win32/eclipse/plugins/fr.ac6.mcu.externaltools.arm-none.win32_1.17.0.201812190825/tools/compiler/bin/../lib/gcc/arm-none-eabi/7.3.1/../../../../arm-none-eabi/lib/thumb/v6-m\libc_nano.a(lib_a-exit.o)
                              c:/users/dymov/downloads/eclipse-cpp-kepler-sr2-win32/eclipse/plugins/fr.ac6.mcu.externaltools.arm-none.win32_1.17.0.201812190825/tools/compiler/bin/../lib/gcc/arm-none-eabi/7.3.1/../../../../arm-none-eabi/lib/thumb/v6-m/crt0.o (exit)
c:/users/dymov/downloads/eclipse-cpp-kepler-sr2-win32/eclipse/plugins/fr.ac6.mcu.externaltools.arm-none.win32_1.17.0.201812190825/tools/compiler/bin/../lib/gcc/arm-none-eabi/7.3.1/../../../../arm-none-eabi/lib/thumb/v6-m\libc_nano.a(lib_a-impure.o)
                              c:/users/dymov/downloads/eclipse-cpp-kepler-sr2-win32/eclipse/plugins/fr.ac6.mcu.externaltools.arm-none.win32_1.17.0.201812190825/tools/compiler/bin/../lib/gcc/arm-none-eabi/7.3.1/../../../../arm-none-eabi/lib/thumb/v6-m\libc_nano.a(lib_a-exit.o) (_global_impure_ptr)
c:/users/dymov/downloads/eclipse-cpp-kepler-sr2-win32/eclipse/plugins/fr.ac6.mcu.externaltools.arm-none.win32_1.17.0.201812190825/tools/compiler/bin/../lib/gcc/arm-none-eabi/7.3.1/../../../../arm-none-eabi/lib/thumb/v6-m\libc_nano.a(lib_a-init.o)
[...]
Memory Configuration

Name             Origin             Length             Attributes
RAM              0x20000000         0x00002000         xrw
FLASH            0x08000000         0x00010000         xr
*default*        0x00000000         0xffffffff

Linker script and memory map

LOAD c:/users/dymov/downloads/eclipse-cpp-kepler-sr2-win32/eclipse/plugins/fr.ac6.mcu.externaltools.arm-none.win32_1.17.0.201812190825/tools/compiler/bin/../lib/gcc/arm-none-eabi/7.3.1/thumb/v6-m/crti.o
LOAD c:/users/dymov/downloads/eclipse-cpp-kepler-sr2-win32/eclipse/plugins/fr.ac6.mcu.externaltools.arm-none.win32_1.17.0.201812190825/tools/compiler/bin/../lib/gcc/arm-none-eabi/7.3.1/thumb/v6-m/crtbegin.o
LOAD c:/users/dymov/downloads/eclipse-cpp-kepler-sr2-win32/eclipse/plugins/fr.ac6.mcu.externaltools.arm-none.win32_1.17.0.201812190825/tools/compiler/bin/../lib/gcc/arm-none-eabi/7.3.1/../../../../arm-none-eabi/lib/thumb/v6-m/crt0.o
LOAD startup/startup_stm32f051x8.o
LOAD Src/KL3333.o
LOAD Src/LPS25HB_Driver.o
LOAD Src/NMEA.o
LOAD Src/adc.o
LOAD Src/dac.o
LOAD Src/gpio.o
LOAD Src/i2c.o
LOAD Src/main.o
LOAD Src/stm32f0xx_hal_msp.o
LOAD Src/stm32f0xx_it.o
LOAD Src/system_stm32f0xx.o
LOAD Src/tim.o
LOAD Src/usart.o
LOAD Drivers/STM32F0xx_HAL_Driver/Src/stm32f0xx_hal.o
LOAD Drivers/STM32F0xx_HAL_Driver/Src/stm32f0xx_hal_adc.o
LOAD Drivers/STM32F0xx_HAL_Driver/Src/stm32f0xx_hal_adc_ex.o
LOAD Drivers/STM32F0xx_HAL_Driver/Src/stm32f0xx_hal_cortex.o
LOAD Drivers/STM32F0xx_HAL_Driver/Src/stm32f0xx_hal_dac.o
LOAD Drivers/STM32F0xx_HAL_Driver/Src/stm32f0xx_hal_dac_ex.o
LOAD Drivers/STM32F0xx_HAL_Driver/Src/stm32f0xx_hal_dma.o
LOAD Drivers/STM32F0xx_HAL_Driver/Src/stm32f0xx_hal_flash.o
LOAD Drivers/STM32F0xx_HAL_Driver/Src/stm32f0xx_hal_flash_ex.o
LOAD Drivers/STM32F0xx_HAL_Driver/Src/stm32f0xx_hal_gpio.o
LOAD Drivers/STM32F0xx_HAL_Driver/Src/stm32f0xx_hal_i2c.o
LOAD Drivers/STM32F0xx_HAL_Driver/Src/stm32f0xx_hal_i2c_ex.o
LOAD Drivers/STM32F0xx_HAL_Driver/Src/stm32f0xx_hal_pwr.o
LOAD Drivers/STM32F0xx_HAL_Driver/Src/stm32f0xx_hal_pwr_ex.o
LOAD Drivers/STM32F0xx_HAL_Driver/Src/stm32f0xx_hal_rcc.o
LOAD Drivers/STM32F0xx_HAL_Driver/Src/stm32f0xx_hal_rcc_ex.o
LOAD Drivers/STM32F0xx_HAL_Driver/Src/stm32f0xx_hal_tim.o
LOAD Drivers/STM32F0xx_HAL_Driver/Src/stm32f0xx_hal_tim_ex.o
LOAD Drivers/STM32F0xx_HAL_Driver/Src/stm32f0xx_hal_uart.o
LOAD Drivers/STM32F0xx_HAL_Driver/Src/stm32f0xx_hal_uart_ex.o
LOAD c:/users/dymov/downloads/eclipse-cpp-kepler-sr2-win32/eclipse/plugins/fr.ac6.mcu.externaltools.arm-none.win32_1.17.0.201812190825/tools/compiler/bin/../lib/gcc/arm-none-eabi/7.3.1/../../../../arm-none-eabi/lib/thumb/v6-m\libm.a
START GROUP
LOAD c:/users/dymov/downloads/eclipse-cpp-kepler-sr2-win32/eclipse/plugins/fr.ac6.mcu.externaltools.arm-none.win32_1.17.0.201812190825/tools/compiler/bin/../lib/gcc/arm-none-eabi/7.3.1/thumb/v6-m\libgcc.a
LOAD c:/users/dymov/downloads/eclipse-cpp-kepler-sr2-win32/eclipse/plugins/fr.ac6.mcu.externaltools.arm-none.win32_1.17.0.201812190825/tools/compiler/bin/../lib/gcc/arm-none-eabi/7.3.1/../../../../arm-none-eabi/lib/thumb/v6-m\libc_nano.a
END GROUP
START GROUP
LOAD c:/users/dymov/downloads/eclipse-cpp-kepler-sr2-win32/eclipse/plugins/fr.ac6.mcu.externaltools.arm-none.win32_1.17.0.201812190825/tools/compiler/bin/../lib/gcc/arm-none-eabi/7.3.1/thumb/v6-m\libgcc.a
LOAD c:/users/dymov/downloads/eclipse-cpp-kepler-sr2-win32/eclipse/plugins/fr.ac6.mcu.externaltools.arm-none.win32_1.17.0.201812190825/tools/compiler/bin/../lib/gcc/arm-none-eabi/7.3.1/../../../../arm-none-eabi/lib/thumb/v6-m\libc_nano.a
LOAD c:/users/dymov/downloads/eclipse-cpp-kepler-sr2-win32/eclipse/plugins/fr.ac6.mcu.externaltools.arm-none.win32_1.17.0.201812190825/tools/compiler/bin/../lib/gcc/arm-none-eabi/7.3.1/../../../../arm-none-eabi/lib/thumb/v6-m\libnosys.a
END GROUP
START GROUP
LOAD c:/users/dymov/downloads/eclipse-cpp-kepler-sr2-win32/eclipse/plugins/fr.ac6.mcu.externaltools.arm-none.win32_1.17.0.201812190825/tools/compiler/bin/../lib/gcc/arm-none-eabi/7.3.1/thumb/v6-m\libgcc.a
LOAD c:/users/dymov/downloads/eclipse-cpp-kepler-sr2-win32/eclipse/plugins/fr.ac6.mcu.externaltools.arm-none.win32_1.17.0.201812190825/tools/compiler/bin/../lib/gcc/arm-none-eabi/7.3.1/../../../../arm-none-eabi/lib/thumb/v6-m\libc_nano.a
LOAD c:/users/dymov/downloads/eclipse-cpp-kepler-sr2-win32/eclipse/plugins/fr.ac6.mcu.externaltools.arm-none.win32_1.17.0.201812190825/tools/compiler/bin/../lib/gcc/arm-none-eabi/7.3.1/../../../../arm-none-eabi/lib/thumb/v6-m\libnosys.a
END GROUP
LOAD c:/users/dymov/downloads/eclipse-cpp-kepler-sr2-win32/eclipse/plugins/fr.ac6.mcu.externaltools.arm-none.win32_1.17.0.201812190825/tools/compiler/bin/../lib/gcc/arm-none-eabi/7.3.1/thumb/v6-m/crtend.o
LOAD c:/users/dymov/downloads/eclipse-cpp-kepler-sr2-win32/eclipse/plugins/fr.ac6.mcu.externaltools.arm-none.win32_1.17.0.201812190825/tools/compiler/bin/../lib/gcc/arm-none-eabi/7.3.1/thumb/v6-m/crtn.o
                0x20002000                _estack = 0x20002000
                0x00000200                _Min_Heap_Size = 0x200
                0x00000400                _Min_Stack_Size = 0x400

.isr_vector     0x08000000       0xc0
                0x08000000                . = ALIGN (0x4)
 *(.isr_vector)
 .isr_vector    0x08000000       0xc0 startup/startup_stm32f051x8.o
                0x08000000                g_pfnVectors
                0x080000c0                . = ALIGN (0x4)

.text           0x080000c0     0x371c
                0x080000c0                . = ALIGN (0x4)
 *(.text)
 .text          0x080000c0       0x48 c:/users/dymov/downloads/eclipse-cpp-kepler-sr2-win32/eclipse/plugins/fr.ac6.mcu.externaltools.arm-none.win32_1.17.0.201812190825/tools/compiler/bin/../lib/gcc/arm-none-eabi/7.3.1/thumb/v6-m/crtbegin.o
 .text          0x08000108      0x114 c:/users/dymov/downloads/eclipse-cpp-kepler-sr2-win32/eclipse/plugins/fr.ac6.mcu.externaltools.arm-none.win32_1.17.0.201812190825/tools/compiler/bin/../lib/gcc/arm-none-eabi/7.3.1/thumb/v6-m\libgcc.a(_udivsi3.o)
                0x08000108                __aeabi_uidiv
                0x08000108                __udivsi3
                0x08000214                __aeabi_uidivmod
 .text          0x0800021c        0x4 c:/users/dymov/downloads/eclipse-cpp-kepler-sr2-win32/eclipse/plugins/fr.ac6.mcu.externaltools.arm-none.win32_1.17.0.201812190825/tools/compiler/bin/../lib/gcc/arm-none-eabi/7.3.1/thumb/v6-m\libgcc.a(_dvmd_tls.o)
                0x0800021c                __aeabi_idiv0
                0x0800021c                __aeabi_ldiv0
 *(.text*)
 .text.Reset_Handler
                0x08000220       0x50 startup/startup_stm32f051x8.o
                0x08000220                Reset_Handler
 .text.Default_Handler
                0x08000270        0x2 startup/startup_stm32f051x8.o
                0x08000270                TIM1_CC_IRQHandler
                0x08000270                TSC_IRQHandler
                0x08000270                ADC1_COMP_IRQHandler
                0x08000270                PVD_IRQHandler
                0x08000270                RCC_CRS_IRQHandler
                0x08000270                SPI1_IRQHandler
                0x08000270                I2C2_IRQHandler
                0x08000270                TIM17_IRQHandler
                0x08000270                CEC_CAN_IRQHandler
                0x08000270                RTC_IRQHandler
                0x08000270                TIM16_IRQHandler
                0x08000270                DMA1_Channel1_IRQHandler
                0x08000270                Default_Handler
                0x08000270                TIM14_IRQHandler
                0x08000270                DMA1_Channel4_5_IRQHandler
                0x08000270                TIM15_IRQHandler
                0x08000270                EXTI0_1_IRQHandler
                0x08000270                SPI2_IRQHandler
                0x08000270                WWDG_IRQHandler
                0x08000270                TIM2_IRQHandler
                0x08000270                DMA1_Channel2_3_IRQHandler
                0x08000270                FLASH_IRQHandler
                0x08000270                TIM1_BRK_UP_TRG_COM_IRQHandler
 *fill*         0x08000272        0x2 
 .text.PMTK_ACK
                0x08000274      0x144 Src/KL3333.o
                0x08000274                PMTK_ACK
 .text.PMTK_PARAMETR_COMMAND
                0x080003b8       0x78 Src/KL3333.o
                0x080003b8                PMTK_PARAMETR_COMMAND
 .text.InitKL3333
                0x08000430       0x64 Src/KL3333.o
                0x08000430                InitKL3333
 .text.NMEA_CRC
                0x08000494       0x18 Src/NMEA.o
                0x08000494                NMEA_CRC
 .text.CLEAR_NMEA_MASSEGE_BUFFER
                0x080004ac        0xc Src/NMEA.o
                0x080004ac                CLEAR_NMEA_MASSEGE_BUFFER
 .text.NMEA_CHECK
                0x080004b8       0x20 Src/NMEA.o
                0x080004b8                NMEA_CHECK
 .text.GetNMEAMessage
                0x080004d8       0x64 Src/NMEA.o
                0x080004d8                GetNMEAMessage
 .text.MX_ADC_Init
                0x0800053c       0x8c Src/adc.o
                0x0800053c                MX_ADC_Init
 .text.HAL_ADC_MspInit
                0x080005c8       0x60 Src/adc.o
                0x080005c8                HAL_ADC_MspInit
 .text.MX_DAC1_Init
                0x08000628       0x48 Src/dac.o
                0x08000628                MX_DAC1_Init
 .text.HAL_DAC_MspInit
                0x08000670       0x70 Src/dac.o
                0x08000670                HAL_DAC_MspInit
 .text.MX_GPIO_Init
                0x080006e0       0xd4 Src/gpio.o
                0x080006e0                MX_GPIO_Init
 .text.MX_I2C1_Init
                0x080007b4       0x60 Src/i2c.o
                0x080007b4                MX_I2C1_Init
 .text.HAL_I2C_MspInit
                0x08000814       0x6c Src/i2c.o
                0x08000814                HAL_I2C_MspInit
 .text.MX_NVIC_Init
                0x08000880       0x64 Src/main.o
 .text.GetTic_PPS
                0x080008e4        0xc Src/main.o
                0x080008e4                GetTic_PPS
 .text.GetB_ON  0x080008f0        0xc Src/main.o
                0x080008f0                GetB_ON
 .text.ResetB_ON
                0x080008fc        0xc Src/main.o
                0x080008fc                ResetB_ON
 .text.SetSmenaPPS
                0x08000908        0xc Src/main.o
                0x08000908                SetSmenaPPS
 .text.Inccounter_PPS
                0x08000914       0x10 Src/main.o
                0x08000914                Inccounter_PPS
 .text.Getcounter_PPS
                0x08000924        0xc Src/main.o
                0x08000924                Getcounter_PPS
 .text.Setcounter_PPS
                0x08000930        0xc Src/main.o
                0x08000930                Setcounter_PPS
 .text.SetPPS_OK
                0x0800093c        0xc Src/main.o
                0x0800093c                SetPPS_OK
 .text.SetPPS_stat
                0x08000948        0xc Src/main.o
                0x08000948                SetPPS_stat
 .text.SystemClock_Config
                0x08000954       0x6c Src/main.o
                0x08000954                SystemClock_Config
 .text.main     0x080009c0      0x168 Src/main.o
                0x080009c0                main
 .text.Error_Handler
                0x08000b28        0x2 Src/main.o
                0x08000b28                Error_Handler
 *fill*         0x08000b2a        0x2 
 .text.HAL_MspInit
                0x08000b2c       0x30 Src/stm32f0xx_hal_msp.o
                0x08000b2c                HAL_MspInit
 .text.GetTimer4ms
                0x08000b5c        0xc Src/stm32f0xx_it.o
                0x08000b5c                GetTimer4ms
 .text.SetTimer4ms
                0x08000b68        0xc Src/stm32f0xx_it.o
                0x08000b68                SetTimer4ms
 .text.GetTimer4msl
                0x08000b74        0xc Src/stm32f0xx_it.o
                0x08000b74                GetTimer4msl
 .text.SetTimer4msl
                0x08000b80        0xc Src/stm32f0xx_it.o
                0x08000b80                SetTimer4msl
 .text.Get0_5SecCounter
                0x08000b8c        0xc Src/stm32f0xx_it.o
                0x08000b8c                Get0_5SecCounter
 .text.ResetSecCounter
                0x08000b98        0xc Src/stm32f0xx_it.o
                0x08000b98                ResetSecCounter
 .text.NMI_Handler
                0x08000ba4        0x2 Src/stm32f0xx_it.o
                0x08000ba4                NMI_Handler
 .text.HardFault_Handler
                0x08000ba6        0x2 Src/stm32f0xx_it.o
                0x08000ba6                HardFault_Handler
 .text.SVC_Handler
                0x08000ba8        0x2 Src/stm32f0xx_it.o
                0x08000ba8                SVC_Handler
 .text.PendSV_Handler
                0x08000baa        0x2 Src/stm32f0xx_it.o
                0x08000baa                PendSV_Handler
 .text.SysTick_Handler
                0x08000bac        0x8 Src/stm32f0xx_it.o
                0x08000bac                SysTick_Handler
 .text.EXTI2_3_IRQHandler
                0x08000bb4       0x5c Src/stm32f0xx_it.o
                0x08000bb4                EXTI2_3_IRQHandler
 .text.EXTI4_15_IRQHandler
                0x08000c10       0x70 Src/stm32f0xx_it.o
                0x08000c10                EXTI4_15_IRQHandler
 .text.TIM3_IRQHandler
                0x08000c80       0x10 Src/stm32f0xx_it.o
                0x08000c80                TIM3_IRQHandler
 .text.TIM6_DAC_IRQHandler
                0x08000c90       0xb8 Src/stm32f0xx_it.o
                0x08000c90                TIM6_DAC_IRQHandler
 .text.I2C1_IRQHandler
                0x08000d48       0x24 Src/stm32f0xx_it.o
                0x08000d48                I2C1_IRQHandler
 .text.USART1_IRQHandler
                0x08000d6c       0x10 Src/stm32f0xx_it.o
                0x08000d6c                USART1_IRQHandler
 .text.USART2_IRQHandler
                0x08000d7c       0x10 Src/stm32f0xx_it.o
                0x08000d7c                USART2_IRQHandler
 .text.SystemInit
                0x08000d8c       0x60 Src/system_stm32f0xx.o
                0x08000d8c                SystemInit
 .text.SetPWM2  0x08000dec       0x50 Src/tim.o
                0x08000dec                SetPWM2
 .text.SetPWM3  0x08000e3c       0x54 Src/tim.o
                0x08000e3c                SetPWM3
 .text.SetPWM4  0x08000e90       0x54 Src/tim.o
                0x08000e90                SetPWM4
 .text.MX_TIM6_Init
                0x08000ee4       0x5c Src/tim.o
                0x08000ee4                MX_TIM6_Init
 .text.HAL_TIM_PWM_MspInit
                0x08000f40       0x2c Src/tim.o
                0x08000f40                HAL_TIM_PWM_MspInit
 .text.HAL_TIM_Base_MspInit
                0x08000f6c       0x48 Src/tim.o
                0x08000f6c                HAL_TIM_Base_MspInit
 .text.HAL_TIM_MspPostInit
                0x08000fb4       0x7c Src/tim.o
                0x08000fb4                HAL_TIM_MspPostInit
 .text.MX_TIM3_Init
                0x08001030       0xcc Src/tim.o
                0x08001030                MX_TIM3_Init
 .text.MX_USART1_UART_Init
                0x080010fc       0x4c Src/usart.o
                0x080010fc                MX_USART1_UART_Init
 .text.MX_USART2_UART_Init
                0x08001148       0x40 Src/usart.o
                0x08001148                MX_USART2_UART_Init
 .text.HAL_UART_MspInit
                0x08001188       0xcc Src/usart.o
                0x08001188                HAL_UART_MspInit
 .text.put_char
                0x08001254       0x48 Src/usart.o
                0x08001254                put_char
 .text.get_char
                0x0800129c       0x4c Src/usart.o
                0x0800129c                get_char
 .text.HAL_UART_RxCpltCallback
                0x080012e8       0x5c Src/usart.o
                0x080012e8                HAL_UART_RxCpltCallback
 .text.HAL_UART_ErrorCallback
                0x08001344       0x24 Src/usart.o
                0x08001344                HAL_UART_ErrorCallback
 .text.ClearRXBuffer
                0x08001368       0x18 Src/usart.o
                0x08001368                ClearRXBuffer
 .text.put_str_pak
                0x08001380       0x1c Src/usart.o
                0x08001380                put_str_pak
 .text.HAL_InitTick
                0x0800139c       0x24 Drivers/STM32F0xx_HAL_Driver/Src/stm32f0xx_hal.o
                0x0800139c                HAL_InitTick
 .text.HAL_Init
                0x080013c0       0x20 Drivers/STM32F0xx_HAL_Driver/Src/stm32f0xx_hal.o
                0x080013c0                HAL_Init
 .text.HAL_IncTick
                0x080013e0       0x10 Drivers/STM32F0xx_HAL_Driver/Src/stm32f0xx_hal.o
                0x080013e0                HAL_IncTick
 .text.HAL_GetTick
                0x080013f0        0xc Drivers/STM32F0xx_HAL_Driver/Src/stm32f0xx_hal.o
                0x080013f0                HAL_GetTick
 .text.HAL_ADC_Init
                0x080013fc      0x17c Drivers/STM32F0xx_HAL_Driver/Src/stm32f0xx_hal_adc.o
                0x080013fc                HAL_ADC_Init
 .text.HAL_ADC_ConfigChannel
                0x08001578      0x14c Drivers/STM32F0xx_HAL_Driver/Src/stm32f0xx_hal_adc.o
                0x08001578                HAL_ADC_ConfigChannel
 .text.HAL_NVIC_SetPriority
                0x080016c4       0x60 Drivers/STM32F0xx_HAL_Driver/Src/stm32f0xx_hal_cortex.o
                0x080016c4                HAL_NVIC_SetPriority
 .text.HAL_NVIC_EnableIRQ
                0x08001724       0x14 Drivers/STM32F0xx_HAL_Driver/Src/stm32f0xx_hal_cortex.o
                0x08001724                HAL_NVIC_EnableIRQ
 .text.HAL_SYSTICK_Config
                0x08001738       0x38 Drivers/STM32F0xx_HAL_Driver/Src/stm32f0xx_hal_cortex.o
                0x08001738                HAL_SYSTICK_Config
 .text.HAL_DAC_Init
                0x08001770       0x28 Drivers/STM32F0xx_HAL_Driver/Src/stm32f0xx_hal_dac.o
                0x08001770                HAL_DAC_Init
 .text.HAL_DAC_DMAUnderrunCallbackCh1
                0x08001798        0x2 Drivers/STM32F0xx_HAL_Driver/Src/stm32f0xx_hal_dac.o
                0x08001798                HAL_DAC_DMAUnderrunCallbackCh1
 .text.HAL_DAC_ConfigChannel
                0x0800179a       0x36 Drivers/STM32F0xx_HAL_Driver/Src/stm32f0xx_hal_dac_ex.o
                0x0800179a                HAL_DAC_ConfigChannel
 .text.HAL_DAC_IRQHandler
                0x080017d0       0x38 Drivers/STM32F0xx_HAL_Driver/Src/stm32f0xx_hal_dac_ex.o
                0x080017d0                HAL_DAC_IRQHandler
 .text.HAL_DMA_Abort_IT
                0x08001808       0x4a Drivers/STM32F0xx_HAL_Driver/Src/stm32f0xx_hal_dma.o
                0x08001808                HAL_DMA_Abort_IT
 *fill*         0x08001852        0x2 
 .text.HAL_GPIO_Init
                0x08001854      0x18c Drivers/STM32F0xx_HAL_Driver/Src/stm32f0xx_hal_gpio.o
                0x08001854                HAL_GPIO_Init
 .text.HAL_GPIO_WritePin
                0x080019e0        0xc Drivers/STM32F0xx_HAL_Driver/Src/stm32f0xx_hal_gpio.o
                0x080019e0                HAL_GPIO_WritePin
 .text.HAL_GPIO_EXTI_Callback
                0x080019ec        0x2 Drivers/STM32F0xx_HAL_Driver/Src/stm32f0xx_hal_gpio.o
                0x080019ec                HAL_GPIO_EXTI_Callback
 *fill*         0x080019ee        0x2 
 .text.HAL_GPIO_EXTI_IRQHandler
                0x080019f0       0x1c Drivers/STM32F0xx_HAL_Driver/Src/stm32f0xx_hal_gpio.o
                0x080019f0                HAL_GPIO_EXTI_IRQHandler
 .text.I2C_Flush_TXDR
                0x08001a0c       0x1e Drivers/STM32F0xx_HAL_Driver/Src/stm32f0xx_hal_i2c.o
 .text.I2C_Disable_IRQ
                0x08001a2a       0x72 Drivers/STM32F0xx_HAL_Driver/Src/stm32f0xx_hal_i2c.o
 .text.HAL_I2C_Init
                0x08001a9c       0xcc Drivers/STM32F0xx_HAL_Driver/Src/stm32f0xx_hal_i2c.o
                0x08001a9c                HAL_I2C_Init
 .text.HAL_I2C_EV_IRQHandler
                0x08001b68       0x12 Drivers/STM32F0xx_HAL_Driver/Src/stm32f0xx_hal_i2c.o
                0x08001b68                HAL_I2C_EV_IRQHandler
 .text.HAL_I2C_SlaveTxCpltCallback
                0x08001b7a        0x2 Drivers/STM32F0xx_HAL_Driver/Src/stm32f0xx_hal_i2c.o
                0x08001b7a                HAL_I2C_SlaveTxCpltCallback
 .text.HAL_I2C_SlaveRxCpltCallback
                0x08001b7c        0x2 Drivers/STM32F0xx_HAL_Driver/Src/stm32f0xx_hal_i2c.o
                0x08001b7c                HAL_I2C_SlaveRxCpltCallback
 .text.I2C_ITSlaveSequentialCplt
                0x08001b7e       0x58 Drivers/STM32F0xx_HAL_Driver/Src/stm32f0xx_hal_i2c.o
 .text.HAL_I2C_AddrCallback
                0x08001bd6        0x2 Drivers/STM32F0xx_HAL_Driver/Src/stm32f0xx_hal_i2c.o
                0x08001bd6                HAL_I2C_AddrCallback
 .text.I2C_ITAddrCplt
                0x08001bd8       0xa2 Drivers/STM32F0xx_HAL_Driver/Src/stm32f0xx_hal_i2c.o
 .text.HAL_I2C_ListenCpltCallback
                0x08001c7a        0x2 Drivers/STM32F0xx_HAL_Driver/Src/stm32f0xx_hal_i2c.o
                0x08001c7a                HAL_I2C_ListenCpltCallback
 .text.I2C_ITListenCplt
                0x08001c7c       0x64 Drivers/STM32F0xx_HAL_Driver/Src/stm32f0xx_hal_i2c.o
 .text.HAL_I2C_ErrorCallback
                0x08001ce0        0x2 Drivers/STM32F0xx_HAL_Driver/Src/stm32f0xx_hal_i2c.o
                0x08001ce0                HAL_I2C_ErrorCallback
 .text.HAL_I2C_AbortCpltCallback
                0x08001ce2        0x2 Drivers/STM32F0xx_HAL_Driver/Src/stm32f0xx_hal_i2c.o
                0x08001ce2                HAL_I2C_AbortCpltCallback
 .text.I2C_ITError
                0x08001ce4       0xf8 Drivers/STM32F0xx_HAL_Driver/Src/stm32f0xx_hal_i2c.o
 .text.I2C_ITSlaveCplt
                0x08001ddc      0x118 Drivers/STM32F0xx_HAL_Driver/Src/stm32f0xx_hal_i2c.o
 .text.I2C_Slave_ISR_IT
                0x08001ef4      0x140 Drivers/STM32F0xx_HAL_Driver/Src/stm32f0xx_hal_i2c.o
 .text.HAL_I2C_ER_IRQHandler
                0x08002034       0x60 Drivers/STM32F0xx_HAL_Driver/Src/stm32f0xx_hal_i2c.o
                0x08002034                HAL_I2C_ER_IRQHandler
 .text.I2C_DMAAbort
                0x08002094       0x34 Drivers/STM32F0xx_HAL_Driver/Src/stm32f0xx_hal_i2c.o
 .text.HAL_I2CEx_ConfigAnalogFilter
                0x080020c8       0x58 Drivers/STM32F0xx_HAL_Driver/Src/stm32f0xx_hal_i2c_ex.o
                0x080020c8                HAL_I2CEx_ConfigAnalogFilter
 .text.HAL_I2CEx_ConfigDigitalFilter
                0x08002120       0x54 Drivers/STM32F0xx_HAL_Driver/Src/stm32f0xx_hal_i2c_ex.o
                0x08002120                HAL_I2CEx_ConfigDigitalFilter
 .text.HAL_RCC_OscConfig
                0x08002174      0x454 Drivers/STM32F0xx_HAL_Driver/Src/stm32f0xx_hal_rcc.o
                0x08002174                HAL_RCC_OscConfig
 .text.HAL_RCC_GetSysClockFreq
                0x080025c8       0x70 Drivers/STM32F0xx_HAL_Driver/Src/stm32f0xx_hal_rcc.o
                0x080025c8                HAL_RCC_GetSysClockFreq
 .text.HAL_RCC_ClockConfig
                0x08002638      0x154 Drivers/STM32F0xx_HAL_Driver/Src/stm32f0xx_hal_rcc.o
                0x08002638                HAL_RCC_ClockConfig
 .text.HAL_RCC_GetHCLKFreq
                0x0800278c        0xc Drivers/STM32F0xx_HAL_Driver/Src/stm32f0xx_hal_rcc.o
                0x0800278c                HAL_RCC_GetHCLKFreq
 .text.HAL_RCC_GetPCLK1Freq
                0x08002798       0x20 Drivers/STM32F0xx_HAL_Driver/Src/stm32f0xx_hal_rcc.o
                0x08002798                HAL_RCC_GetPCLK1Freq
 .text.HAL_RCCEx_PeriphCLKConfig
                0x080027b8      0x12c Drivers/STM32F0xx_HAL_Driver/Src/stm32f0xx_hal_rcc_ex.o
                0x080027b8                HAL_RCCEx_PeriphCLKConfig
 .text.TIM_OC1_SetConfig
                0x080028e4       0x88 Drivers/STM32F0xx_HAL_Driver/Src/stm32f0xx_hal_tim.o
 .text.TIM_OC3_SetConfig
                0x0800296c       0x90 Drivers/STM32F0xx_HAL_Driver/Src/stm32f0xx_hal_tim.o
 .text.TIM_OC4_SetConfig
                0x080029fc       0x74 Drivers/STM32F0xx_HAL_Driver/Src/stm32f0xx_hal_tim.o
 .text.HAL_TIM_Base_Start_IT
                0x08002a70       0x16 Drivers/STM32F0xx_HAL_Driver/Src/stm32f0xx_hal_tim.o
                0x08002a70                HAL_TIM_Base_Start_IT
 .text.HAL_TIM_PeriodElapsedCallback
                0x08002a86        0x2 Drivers/STM32F0xx_HAL_Driver/Src/stm32f0xx_hal_tim.o
                0x08002a86                HAL_TIM_PeriodElapsedCallback
 .text.HAL_TIM_OC_DelayElapsedCallback
                0x08002a88        0x2 Drivers/STM32F0xx_HAL_Driver/Src/stm32f0xx_hal_tim.o
                0x08002a88                HAL_TIM_OC_DelayElapsedCallback
 .text.HAL_TIM_IC_CaptureCallback
                0x08002a8a        0x2 Drivers/STM32F0xx_HAL_Driver/Src/stm32f0xx_hal_tim.o
                0x08002a8a                HAL_TIM_IC_CaptureCallback
 .text.HAL_TIM_PWM_PulseFinishedCallback
                0x08002a8c        0x2 Drivers/STM32F0xx_HAL_Driver/Src/stm32f0xx_hal_tim.o
                0x08002a8c                HAL_TIM_PWM_PulseFinishedCallback
 .text.HAL_TIM_TriggerCallback
                0x08002a8e        0x2 Drivers/STM32F0xx_HAL_Driver/Src/stm32f0xx_hal_tim.o
                0x08002a8e                HAL_TIM_TriggerCallback
 .text.HAL_TIM_IRQHandler
                0x08002a90      0x15a Drivers/STM32F0xx_HAL_Driver/Src/stm32f0xx_hal_tim.o
                0x08002a90                HAL_TIM_IRQHandler
 *fill*         0x08002bea        0x2 
 .text.TIM_Base_SetConfig
                0x08002bec       0xa4 Drivers/STM32F0xx_HAL_Driver/Src/stm32f0xx_hal_tim.o
                0x08002bec                TIM_Base_SetConfig
 .text.HAL_TIM_Base_Init
                0x08002c90       0x34 Drivers/STM32F0xx_HAL_Driver/Src/stm32f0xx_hal_tim.o
                0x08002c90                HAL_TIM_Base_Init
 .text.HAL_TIM_PWM_Init
                0x08002cc4       0x34 Drivers/STM32F0xx_HAL_Driver/Src/stm32f0xx_hal_tim.o
                0x08002cc4                HAL_TIM_PWM_Init
 .text.TIM_OC2_SetConfig
                0x08002cf8       0x88 Drivers/STM32F0xx_HAL_Driver/Src/stm32f0xx_hal_tim.o
                0x08002cf8                TIM_OC2_SetConfig
 .text.HAL_TIM_PWM_ConfigChannel
                0x08002d80       0xec Drivers/STM32F0xx_HAL_Driver/Src/stm32f0xx_hal_tim.o
                0x08002d80                HAL_TIM_PWM_ConfigChannel
 .text.TIM_CCxChannelCmd
                0x08002e6c       0x16 Drivers/STM32F0xx_HAL_Driver/Src/stm32f0xx_hal_tim.o
                0x08002e6c                TIM_CCxChannelCmd
 *fill*         0x08002e82        0x2 
 .text.HAL_TIM_PWM_Start
                0x08002e84       0x50 Drivers/STM32F0xx_HAL_Driver/Src/stm32f0xx_hal_tim.o
                0x08002e84                HAL_TIM_PWM_Start
 .text.HAL_TIM_PWM_Stop
                0x08002ed4       0x80 Drivers/STM32F0xx_HAL_Driver/Src/stm32f0xx_hal_tim.o
                0x08002ed4                HAL_TIM_PWM_Stop
 .text.HAL_TIMEx_MasterConfigSynchronization
                0x08002f54       0x4c Drivers/STM32F0xx_HAL_Driver/Src/stm32f0xx_hal_tim_ex.o
                0x08002f54                HAL_TIMEx_MasterConfigSynchronization
 .text.HAL_TIMEx_CommutationCallback
                0x08002fa0        0x2 Drivers/STM32F0xx_HAL_Driver/Src/stm32f0xx_hal_tim_ex.o
                0x08002fa0                HAL_TIMEx_CommutationCallback
 .text.HAL_TIMEx_BreakCallback
                0x08002fa2        0x2 Drivers/STM32F0xx_HAL_Driver/Src/stm32f0xx_hal_tim_ex.o
                0x08002fa2                HAL_TIMEx_BreakCallback
 .text.UART_EndRxTransfer
                0x08002fa4       0x24 Drivers/STM32F0xx_HAL_Driver/Src/stm32f0xx_hal_uart.o
 .text.HAL_UART_Receive_IT
                0x08002fc8       0xb4 Drivers/STM32F0xx_HAL_Driver/Src/stm32f0xx_hal_uart.o
                0x08002fc8                HAL_UART_Receive_IT
 .text.HAL_UART_TxCpltCallback
                0x0800307c        0x2 Drivers/STM32F0xx_HAL_Driver/Src/stm32f0xx_hal_uart.o
                0x0800307c                HAL_UART_TxCpltCallback
 .text.UART_DMAAbortOnError
                0x0800307e       0x14 Drivers/STM32F0xx_HAL_Driver/Src/stm32f0xx_hal_uart.o
 *fill*         0x08003092        0x2 
 .text.UART_SetConfig
                0x08003094      0x1b8 Drivers/STM32F0xx_HAL_Driver/Src/stm32f0xx_hal_uart.o
                0x08003094                UART_SetConfig
 .text.UART_AdvFeatureConfig
                0x0800324c       0xe0 Drivers/STM32F0xx_HAL_Driver/Src/stm32f0xx_hal_uart.o
                0x0800324c                UART_AdvFeatureConfig
 .text.UART_WaitOnFlagUntilTimeout
                0x0800332c       0x6c Drivers/STM32F0xx_HAL_Driver/Src/stm32f0xx_hal_uart.o
                0x0800332c                UART_WaitOnFlagUntilTimeout
 .text.UART_CheckIdleState
                0x08003398       0x78 Drivers/STM32F0xx_HAL_Driver/Src/stm32f0xx_hal_uart.o
                0x08003398                UART_CheckIdleState
 .text.HAL_UART_Init
                0x08003410       0x70 Drivers/STM32F0xx_HAL_Driver/Src/stm32f0xx_hal_uart.o
                0x08003410                HAL_UART_Init
 .text.UART_Transmit_IT
                0x08003480       0x6c Drivers/STM32F0xx_HAL_Driver/Src/stm32f0xx_hal_uart.o
                0x08003480                UART_Transmit_IT
 .text.UART_EndTransmit_IT
                0x080034ec       0x1a Drivers/STM32F0xx_HAL_Driver/Src/stm32f0xx_hal_uart.o
                0x080034ec                UART_EndTransmit_IT
 *fill*         0x08003506        0x2 
 .text.UART_Receive_IT
                0x08003508       0x88 Drivers/STM32F0xx_HAL_Driver/Src/stm32f0xx_hal_uart.o
                0x08003508                UART_Receive_IT
 .text.HAL_UART_IRQHandler
                0x08003590      0x144 Drivers/STM32F0xx_HAL_Driver/Src/stm32f0xx_hal_uart.o
                0x08003590                HAL_UART_IRQHandler
 .text.HAL_RS485Ex_Init
                0x080036d4       0x94 Drivers/STM32F0xx_HAL_Driver/Src/stm32f0xx_hal_uart_ex.o
                0x080036d4                HAL_RS485Ex_Init
 .text.HAL_UARTEx_WakeupCallback
                0x08003768        0x2 Drivers/STM32F0xx_HAL_Driver/Src/stm32f0xx_hal_uart_ex.o
                0x08003768                HAL_UARTEx_WakeupCallback
 *fill*         0x0800376a        0x2 
 .text.__libc_init_array
                0x0800376c       0x48 c:/users/dymov/downloads/eclipse-cpp-kepler-sr2-win32/eclipse/plugins/fr.ac6.mcu.externaltools.arm-none.win32_1.17.0.201812190825/tools/compiler/bin/../lib/gcc/arm-none-eabi/7.3.1/../../../../arm-none-eabi/lib/thumb/v6-m\libc_nano.a(lib_a-init.o)
                0x0800376c                __libc_init_array
 .text.memset   0x080037b4       0x10 c:/users/dymov/downloads/eclipse-cpp-kepler-sr2-win32/eclipse/plugins/fr.ac6.mcu.externaltools.arm-none.win32_1.17.0.201812190825/tools/compiler/bin/../lib/gcc/arm-none-eabi/7.3.1/../../../../arm-none-eabi/lib/thumb/v6-m\libc_nano.a(lib_a-memset.o)
                0x080037b4                memset
 *(.glue_7)
 .glue_7        0x080037c4        0x0 linker stubs
 *(.glue_7t)
 .glue_7t       0x080037c4        0x0 linker stubs
 *(.eh_frame)
 .eh_frame      0x080037c4        0x0 c:/users/dymov/downloads/eclipse-cpp-kepler-sr2-win32/eclipse/plugins/fr.ac6.mcu.externaltools.arm-none.win32_1.17.0.201812190825/tools/compiler/bin/../lib/gcc/arm-none-eabi/7.3.1/thumb/v6-m/crtbegin.o
 *(.init)
 .init          0x080037c4        0x4 c:/users/dymov/downloads/eclipse-cpp-kepler-sr2-win32/eclipse/plugins/fr.ac6.mcu.externaltools.arm-none.win32_1.17.0.201812190825/tools/compiler/bin/../lib/gcc/arm-none-eabi/7.3.1/thumb/v6-m/crti.o
                0x080037c4                _init
 .init          0x080037c8        0x8 c:/users/dymov/downloads/eclipse-cpp-kepler-sr2-win32/eclipse/plugins/fr.ac6.mcu.externaltools.arm-none.win32_1.17.0.201812190825/tools/compiler/bin/../lib/gcc/arm-none-eabi/7.3.1/thumb/v6-m/crtn.o
 *(.fini)
 .fini          0x080037d0        0x4 c:/users/dymov/downloads/eclipse-cpp-kepler-sr2-win32/eclipse/plugins/fr.ac6.mcu.externaltools.arm-none.win32_1.17.0.201812190825/tools/compiler/bin/../lib/gcc/arm-none-eabi/7.3.1/thumb/v6-m/crti.o
                0x080037d0                _fini
 .fini          0x080037d4        0x8 c:/users/dymov/downloads/eclipse-cpp-kepler-sr2-win32/eclipse/plugins/fr.ac6.mcu.externaltools.arm-none.win32_1.17.0.201812190825/tools/compiler/bin/../lib/gcc/arm-none-eabi/7.3.1/thumb/v6-m/crtn.o
                0x080037dc                . = ALIGN (0x4)
                0x080037dc                _etext = .

.vfp11_veneer   0x080037dc        0x0
 .vfp11_veneer  0x080037dc        0x0 linker stubs

.v4_bx          0x080037dc        0x0
 .v4_bx         0x080037dc        0x0 linker stubs

.iplt           0x080037dc        0x0
 .iplt          0x080037dc        0x0 c:/users/dymov/downloads/eclipse-cpp-kepler-sr2-win32/eclipse/plugins/fr.ac6.mcu.externaltools.arm-none.win32_1.17.0.201812190825/tools/compiler/bin/../lib/gcc/arm-none-eabi/7.3.1/thumb/v6-m/crtbegin.o

.rodata         0x080037dc       0x7c
                0x080037dc                . = ALIGN (0x4)
 *(.rodata)
 .rodata        0x080037dc        0xe Src/main.o
 *fill*         0x080037ea        0x2 
 .rodata        0x080037ec       0x18 Src/system_stm32f0xx.o
                0x080037ec                AHBPrescTable
                0x080037fc                APBPrescTable
 .rodata        0x08003804       0x20 Drivers/STM32F0xx_HAL_Driver/Src/stm32f0xx_hal_rcc.o
 *(.rodata*)
 .rodata.str1.4
                0x08003824       0x34 Src/KL3333.o
                                 0x31 (size before relaxing)
                0x08003858                . = ALIGN (0x4)

.rel.dyn        0x08003858        0x0
 .rel.iplt      0x08003858        0x0 c:/users/dymov/downloads/eclipse-cpp-kepler-sr2-win32/eclipse/plugins/fr.ac6.mcu.externaltools.arm-none.win32_1.17.0.201812190825/tools/compiler/bin/../lib/gcc/arm-none-eabi/7.3.1/thumb/v6-m/crtbegin.o

.ARM.extab
 *(.ARM.extab* .gnu.linkonce.armextab.*)

.ARM            0x08003858        0x0
                0x08003858                __exidx_start = .
 *(.ARM.exidx*)
                0x08003858                __exidx_end = .

.preinit_array  0x08003858        0x0
                0x08003858                PROVIDE (__preinit_array_start = .)
 *(.preinit_array*)
                0x08003858                PROVIDE (__preinit_array_end = .)

.init_array     0x08003858        0x4
                0x08003858                PROVIDE (__init_array_start = .)
 *(SORT_BY_NAME(.init_array.*))
 *(.init_array*)
 .init_array    0x08003858        0x4 c:/users/dymov/downloads/eclipse-cpp-kepler-sr2-win32/eclipse/plugins/fr.ac6.mcu.externaltools.arm-none.win32_1.17.0.201812190825/tools/compiler/bin/../lib/gcc/arm-none-eabi/7.3.1/thumb/v6-m/crtbegin.o
                0x0800385c                PROVIDE (__init_array_end = .)

.fini_array     0x0800385c        0x4
                [!provide]                PROVIDE (__fini_array_start = .)
 *(SORT_BY_NAME(.fini_array.*))
 *(.fini_array*)
 .fini_array    0x0800385c        0x4 c:/users/dymov/downloads/eclipse-cpp-kepler-sr2-win32/eclipse/plugins/fr.ac6.mcu.externaltools.arm-none.win32_1.17.0.201812190825/tools/compiler/bin/../lib/gcc/arm-none-eabi/7.3.1/thumb/v6-m/crtbegin.o
                [!provide]                PROVIDE (__fini_array_end = .)
                0x08003860                _sidata = LOADADDR (.data)

.data           0x20000000        0xc load address 0x08003860
                0x20000000                . = ALIGN (0x4)
                0x20000000                _sdata = .
 *(.data)
 .data          0x20000000        0x4 Src/KL3333.o
                0x20000000                PMTR_ACK
 .data          0x20000004        0x1 Src/main.o
                0x20000004                Tic_PPS
 *fill*         0x20000005        0x3 
 .data          0x20000008        0x4 Src/system_stm32f0xx.o
                0x20000008                SystemCoreClock
 *(.data*)
                0x2000000c                . = ALIGN (0x4)
                0x2000000c                _edata = .

.igot.plt       0x2000000c        0x0 load address 0x0800386c
 .igot.plt      0x2000000c        0x0 c:/users/dymov/downloads/eclipse-cpp-kepler-sr2-win32/eclipse/plugins/fr.ac6.mcu.externaltools.arm-none.win32_1.17.0.201812190825/tools/compiler/bin/../lib/gcc/arm-none-eabi/7.3.1/thumb/v6-m/crtbegin.o
                0x2000000c                . = ALIGN (0x4)

.bss            0x2000000c      0xa4c load address 0x0800386c
                0x2000000c                _sbss = .
                0x2000000c                __bss_start__ = _sbss
 *(.bss)
 .bss           0x2000000c       0x1c c:/users/dymov/downloads/eclipse-cpp-kepler-sr2-win32/eclipse/plugins/fr.ac6.mcu.externaltools.arm-none.win32_1.17.0.201812190825/tools/compiler/bin/../lib/gcc/arm-none-eabi/7.3.1/thumb/v6-m/crtbegin.o
 .bss           0x20000028        0x1 Src/NMEA.o
 .bss           0x20000029        0x7 Src/main.o
                0x20000029                B_ON
                0x2000002a                smenaPPS
                0x2000002b                counter_PPS
                0x2000002c                PPS_OK
                0x2000002d                PPS_stat
                0x2000002e                Mig_ON_nOFF
                0x2000002f                Temp_bit
 .bss           0x20000030        0xc Src/stm32f0xx_it.o
                0x20000030                time_05s
                0x20000034                Time_50HZ_1
                0x20000035                Time_50HZ_2
                0x20000036                Time_50HZ_3
                0x20000038                time_10ms
 .bss           0x2000003c       0x1c Src/tim.o
                0x2000003c                sConfigOC
 .bss           0x20000058      0x7e0 Src/usart.o
                0x2000005e                rx_counter
                0x20000060                rx_rd_index
                0x20000062                rx_wr_index
                0x2000044c                rx_buffer_overflow
 *(.bss*)
 *(COMMON)
 COMMON         0x20000838       0x4c Src/adc.o
                0x20000838                hadc
 COMMON         0x20000884       0x14 Src/dac.o
                0x20000884                hdac1
 COMMON         0x20000898       0x4c Src/i2c.o
                0x20000898                hi2c1
 COMMON         0x200008e4        0xc Src/stm32f0xx_it.o
                0x200008e4                Ltime_4msl
                0x200008e5                DIN_1
                0x200008e6                DIN_2
                0x200008e7                DIN_3
                0x200008e8                TimeForPPS
                0x200008ec                time_4ms
 COMMON         0x200008f0       0x80 Src/tim.o
                0x200008f0                htim3
                0x20000930                htim6
 COMMON         0x20000970       0xe1 Src/usart.o
                0x20000970                huart1
                0x200009e0                huart2
                0x20000a50                sim
 *fill*         0x20000a51        0x3 
 COMMON         0x20000a54        0x4 Drivers/STM32F0xx_HAL_Driver/Src/stm32f0xx_hal.o
                0x20000a54                uwTick
                0x20000a58                . = ALIGN (0x4)
                0x20000a58                _ebss = .
                0x20000a58                __bss_end__ = _ebss

._user_heap_stack
                0x20000a58      0x600 load address 0x0800386c
                0x20000a58                . = ALIGN (0x8)
                0x20000a58                PROVIDE (end = .)
                [!provide]                PROVIDE (_end = .)
                0x20000c58                . = (. + _Min_Heap_Size)
 *fill*         0x20000a58      0x200 
                0x20001058                . = (. + _Min_Stack_Size)
 *fill*         0x20000c58      0x400 
                0x20001058                . = ALIGN (0x8)

/DISCARD/
 libc.a(*)
 libm.a(*)
 libgcc.a(*)

.ARM.attributes
                0x00000000       0x28
 *(.ARM.attributes)
 .ARM.attributes
                0x00000000       0x1e c:/users/dymov/downloads/eclipse-cpp-kepler-sr2-win32/eclipse/plugins/fr.ac6.mcu.externaltools.arm-none.win32_1.17.0.201812190825/tools/compiler/bin/../lib/gcc/arm-none-eabi/7.3.1/thumb/v6-m/crti.o
 .ARM.attributes
                0x0000001e       0x2c c:/users/dymov/downloads/eclipse-cpp-kepler-sr2-win32/eclipse/plugins/fr.ac6.mcu.externaltools.arm-none.win32_1.17.0.201812190825/tools/compiler/bin/../lib/gcc/arm-none-eabi/7.3.1/thumb/v6-m/crtbegin.o
 .ARM.attributes
                0x0000004a       0x21 startup/startup_stm32f051x8.o
 .ARM.attributes
                0x0000006b       0x31 Src/KL3333.o
 .ARM.attributes
                0x0000009c       0x31 Src/NMEA.o
 .ARM.attributes
                0x000000cd       0x31 Src/adc.o
 .ARM.attributes
                0x000000fe       0x31 Src/dac.o
 .ARM.attributes
                0x0000012f       0x31 Src/gpio.o
 .ARM.attributes
                0x00000160       0x31 Src/i2c.o
 .ARM.attributes
                0x00000191       0x31 Src/main.o
 .ARM.attributes
                0x000001c2       0x31 Src/stm32f0xx_hal_msp.o
 .ARM.attributes
                0x000001f3       0x31 Src/stm32f0xx_it.o
 .ARM.attributes
                0x00000224       0x31 Src/system_stm32f0xx.o
 .ARM.attributes
                0x00000255       0x31 Src/tim.o
 .ARM.attributes
                0x00000286       0x31 Src/usart.o
 .ARM.attributes
                0x000002b7       0x31 Drivers/STM32F0xx_HAL_Driver/Src/stm32f0xx_hal.o
 .ARM.attributes
                0x000002e8       0x31 Drivers/STM32F0xx_HAL_Driver/Src/stm32f0xx_hal_adc.o
 .ARM.attributes
                0x00000319       0x31 Drivers/STM32F0xx_HAL_Driver/Src/stm32f0xx_hal_cortex.o
 .ARM.attributes
                0x0000034a       0x31 Drivers/STM32F0xx_HAL_Driver/Src/stm32f0xx_hal_dac.o
 .ARM.attributes
                0x0000037b       0x31 Drivers/STM32F0xx_HAL_Driver/Src/stm32f0xx_hal_dac_ex.o
 .ARM.attributes
                0x000003ac       0x31 Drivers/STM32F0xx_HAL_Driver/Src/stm32f0xx_hal_dma.o
 .ARM.attributes
                0x000003dd       0x31 Drivers/STM32F0xx_HAL_Driver/Src/stm32f0xx_hal_gpio.o
 .ARM.attributes
                0x0000040e       0x31 Drivers/STM32F0xx_HAL_Driver/Src/stm32f0xx_hal_i2c.o
 .ARM.attributes
                0x0000043f       0x31 Drivers/STM32F0xx_HAL_Driver/Src/stm32f0xx_hal_i2c_ex.o
 .ARM.attributes
                0x00000470       0x31 Drivers/STM32F0xx_HAL_Driver/Src/stm32f0xx_hal_rcc.o
 .ARM.attributes
                0x000004a1       0x31 Drivers/STM32F0xx_HAL_Driver/Src/stm32f0xx_hal_rcc_ex.o
 .ARM.attributes
                0x000004d2       0x31 Drivers/STM32F0xx_HAL_Driver/Src/stm32f0xx_hal_tim.o
 .ARM.attributes
                0x00000503       0x31 Drivers/STM32F0xx_HAL_Driver/Src/stm32f0xx_hal_tim_ex.o
 .ARM.attributes
                0x00000534       0x31 Drivers/STM32F0xx_HAL_Driver/Src/stm32f0xx_hal_uart.o
 .ARM.attributes
                0x00000565       0x31 Drivers/STM32F0xx_HAL_Driver/Src/stm32f0xx_hal_uart_ex.o
 .ARM.attributes
                0x00000596       0x1e c:/users/dymov/downloads/eclipse-cpp-kepler-sr2-win32/eclipse/plugins/fr.ac6.mcu.externaltools.arm-none.win32_1.17.0.201812190825/tools/compiler/bin/../lib/gcc/arm-none-eabi/7.3.1/thumb/v6-m\libgcc.a(_udivsi3.o)
 .ARM.attributes
                0x000005b4       0x1e c:/users/dymov/downloads/eclipse-cpp-kepler-sr2-win32/eclipse/plugins/fr.ac6.mcu.externaltools.arm-none.win32_1.17.0.201812190825/tools/compiler/bin/../lib/gcc/arm-none-eabi/7.3.1/thumb/v6-m\libgcc.a(_dvmd_tls.o)
 .ARM.attributes
                0x000005d2       0x2c c:/users/dymov/downloads/eclipse-cpp-kepler-sr2-win32/eclipse/plugins/fr.ac6.mcu.externaltools.arm-none.win32_1.17.0.201812190825/tools/compiler/bin/../lib/gcc/arm-none-eabi/7.3.1/../../../../arm-none-eabi/lib/thumb/v6-m\libc_nano.a(lib_a-init.o)
 .ARM.attributes
                0x000005fe       0x2c c:/users/dymov/downloads/eclipse-cpp-kepler-sr2-win32/eclipse/plugins/fr.ac6.mcu.externaltools.arm-none.win32_1.17.0.201812190825/tools/compiler/bin/../lib/gcc/arm-none-eabi/7.3.1/../../../../arm-none-eabi/lib/thumb/v6-m\libc_nano.a(lib_a-memset.o)
 .ARM.attributes
                0x0000062a       0x1e c:/users/dymov/downloads/eclipse-cpp-kepler-sr2-win32/eclipse/plugins/fr.ac6.mcu.externaltools.arm-none.win32_1.17.0.201812190825/tools/compiler/bin/../lib/gcc/arm-none-eabi/7.3.1/thumb/v6-m/crtn.o
OUTPUT(ZNAK_GPS_UP.elf elf32-littlearm)

.debug_info     0x00000000    0x24930
 .debug_info    0x00000000     0x13c7 Src/KL3333.o
 .debug_info    0x000013c7     0x1412 Src/NMEA.o
 .debug_info    0x000027d9     0x1144 Src/adc.o
 .debug_info    0x0000391d     0x116d Src/dac.o
 .debug_info    0x00004a8a      0xc99 Src/gpio.o
 .debug_info    0x00005723     0x12ab Src/i2c.o
 .debug_info    0x000069ce     0x205a Src/main.o
 .debug_info    0x00008a28      0xa2b Src/stm32f0xx_hal_msp.o
 .debug_info    0x00009453     0x1a0a Src/stm32f0xx_it.o
 .debug_info    0x0000ae5d      0xa74 Src/system_stm32f0xx.o
 .debug_info    0x0000b8d1     0x185f Src/tim.o
 .debug_info    0x0000d130     0x1728 Src/usart.o
 .debug_info    0x0000e858      0xe7f Drivers/STM32F0xx_HAL_Driver/Src/stm32f0xx_hal.o
 .debug_info    0x0000f6d7     0x167e Drivers/STM32F0xx_HAL_Driver/Src/stm32f0xx_hal_adc.o
 .debug_info    0x00010d55      0xfe9 Drivers/STM32F0xx_HAL_Driver/Src/stm32f0xx_hal_cortex.o
 .debug_info    0x00011d3e     0x10a9 Drivers/STM32F0xx_HAL_Driver/Src/stm32f0xx_hal_dac.o
 .debug_info    0x00012de7     0x1045 Drivers/STM32F0xx_HAL_Driver/Src/stm32f0xx_hal_dac_ex.o
 .debug_info    0x00013e2c     0x102b Drivers/STM32F0xx_HAL_Driver/Src/stm32f0xx_hal_dma.o
 .debug_info    0x00014e57      0xe6b Drivers/STM32F0xx_HAL_Driver/Src/stm32f0xx_hal_gpio.o
 .debug_info    0x00015cc2     0x39b9 Drivers/STM32F0xx_HAL_Driver/Src/stm32f0xx_hal_i2c.o
 .debug_info    0x0001967b     0x1094 Drivers/STM32F0xx_HAL_Driver/Src/stm32f0xx_hal_i2c_ex.o
 .debug_info    0x0001a70f     0x114c Drivers/STM32F0xx_HAL_Driver/Src/stm32f0xx_hal_rcc.o
 .debug_info    0x0001b85b      0xc12 Drivers/STM32F0xx_HAL_Driver/Src/stm32f0xx_hal_rcc_ex.o
 .debug_info    0x0001c46d     0x36f0 Drivers/STM32F0xx_HAL_Driver/Src/stm32f0xx_hal_tim.o
 .debug_info    0x0001fb5d     0x1b58 Drivers/STM32F0xx_HAL_Driver/Src/stm32f0xx_hal_tim_ex.o
 .debug_info    0x000216b5     0x208d Drivers/STM32F0xx_HAL_Driver/Src/stm32f0xx_hal_uart.o
 .debug_info    0x00023742     0x11ee Drivers/STM32F0xx_HAL_Driver/Src/stm32f0xx_hal_uart_ex.o

.debug_abbrev   0x00000000     0x4a56
 .debug_abbrev  0x00000000      0x2f3 Src/KL3333.o
 .debug_abbrev  0x000002f3      0x324 Src/NMEA.o
 .debug_abbrev  0x00000617      0x276 Src/adc.o
 .debug_abbrev  0x0000088d      0x27f Src/dac.o
 .debug_abbrev  0x00000b0c      0x23e Src/gpio.o
 .debug_abbrev  0x00000d4a      0x27f Src/i2c.o
 .debug_abbrev  0x00000fc9      0x366 Src/main.o
 .debug_abbrev  0x0000132f      0x1e3 Src/stm32f0xx_hal_msp.o
 .debug_abbrev  0x00001512      0x2c7 Src/stm32f0xx_it.o
 .debug_abbrev  0x000017d9      0x205 Src/system_stm32f0xx.o
 .debug_abbrev  0x000019de      0x2e2 Src/tim.o
 .debug_abbrev  0x00001cc0      0x3a7 Src/usart.o
 .debug_abbrev  0x00002067      0x2f6 Drivers/STM32F0xx_HAL_Driver/Src/stm32f0xx_hal.o
 .debug_abbrev  0x0000235d      0x2f0 Drivers/STM32F0xx_HAL_Driver/Src/stm32f0xx_hal_adc.o
 .debug_abbrev  0x0000264d      0x328 Drivers/STM32F0xx_HAL_Driver/Src/stm32f0xx_hal_cortex.o
 .debug_abbrev  0x00002975      0x267 Drivers/STM32F0xx_HAL_Driver/Src/stm32f0xx_hal_dac.o
 .debug_abbrev  0x00002bdc      0x2d5 Drivers/STM32F0xx_HAL_Driver/Src/stm32f0xx_hal_dac_ex.o
 .debug_abbrev  0x00002eb1      0x2df Drivers/STM32F0xx_HAL_Driver/Src/stm32f0xx_hal_dma.o
 .debug_abbrev  0x00003190      0x2a7 Drivers/STM32F0xx_HAL_Driver/Src/stm32f0xx_hal_gpio.o
 .debug_abbrev  0x00003437      0x2df Drivers/STM32F0xx_HAL_Driver/Src/stm32f0xx_hal_i2c.o
 .debug_abbrev  0x00003716      0x266 Drivers/STM32F0xx_HAL_Driver/Src/stm32f0xx_hal_i2c_ex.o
 .debug_abbrev  0x0000397c      0x2ea Drivers/STM32F0xx_HAL_Driver/Src/stm32f0xx_hal_rcc.o
 .debug_abbrev  0x00003c66      0x2a5 Drivers/STM32F0xx_HAL_Driver/Src/stm32f0xx_hal_rcc_ex.o
 .debug_abbrev  0x00003f0b      0x2e0 Drivers/STM32F0xx_HAL_Driver/Src/stm32f0xx_hal_tim.o
 .debug_abbrev  0x000041eb      0x2e0 Drivers/STM32F0xx_HAL_Driver/Src/stm32f0xx_hal_tim_ex.o
 .debug_abbrev  0x000044cb      0x2cb Drivers/STM32F0xx_HAL_Driver/Src/stm32f0xx_hal_uart.o
 .debug_abbrev  0x00004796      0x2c0 Drivers/STM32F0xx_HAL_Driver/Src/stm32f0xx_hal_uart_ex.o

.debug_loc      0x00000000     0xddee
 .debug_loc     0x00000000      0x1a1 Src/KL3333.o
 .debug_loc     0x000001a1      0x7c3 Src/NMEA.o
 .debug_loc     0x00000964       0x71 Src/adc.o
 .debug_loc     0x000009d5       0x71 Src/dac.o
 .debug_loc     0x00000a46       0x7f Src/i2c.o
 .debug_loc     0x00000ac5       0xea Src/main.o
 .debug_loc     0x00000baf      0x13b Src/system_stm32f0xx.o
 .debug_loc     0x00000cea      0x1a5 Src/tim.o
 .debug_loc     0x00000e8f      0x263 Src/usart.o
 .debug_loc     0x000010f2       0x7c Drivers/STM32F0xx_HAL_Driver/Src/stm32f0xx_hal.o
 .debug_loc     0x0000116e      0xc32 Drivers/STM32F0xx_HAL_Driver/Src/stm32f0xx_hal_adc.o
 .debug_loc     0x00001da0      0x393 Drivers/STM32F0xx_HAL_Driver/Src/stm32f0xx_hal_cortex.o
 .debug_loc     0x00002133      0x2b2 Drivers/STM32F0xx_HAL_Driver/Src/stm32f0xx_hal_dac.o
 .debug_loc     0x000023e5      0x504 Drivers/STM32F0xx_HAL_Driver/Src/stm32f0xx_hal_dac_ex.o
 .debug_loc     0x000028e9      0x7ee Drivers/STM32F0xx_HAL_Driver/Src/stm32f0xx_hal_dma.o
 .debug_loc     0x000030d7      0x2fe Drivers/STM32F0xx_HAL_Driver/Src/stm32f0xx_hal_gpio.o
 .debug_loc     0x000033d5     0x3a3c Drivers/STM32F0xx_HAL_Driver/Src/stm32f0xx_hal_i2c.o
 .debug_loc     0x00006e11      0x245 Drivers/STM32F0xx_HAL_Driver/Src/stm32f0xx_hal_i2c_ex.o
 .debug_loc     0x00007056      0x475 Drivers/STM32F0xx_HAL_Driver/Src/stm32f0xx_hal_rcc.o
 .debug_loc     0x000074cb      0x3ed Drivers/STM32F0xx_HAL_Driver/Src/stm32f0xx_hal_rcc_ex.o
 .debug_loc     0x000078b8     0x37cf Drivers/STM32F0xx_HAL_Driver/Src/stm32f0xx_hal_tim.o
 .debug_loc     0x0000b087     0x126d Drivers/STM32F0xx_HAL_Driver/Src/stm32f0xx_hal_tim_ex.o
 .debug_loc     0x0000c2f4     0x16c2 Drivers/STM32F0xx_HAL_Driver/Src/stm32f0xx_hal_uart.o
 .debug_loc     0x0000d9b6      0x438 Drivers/STM32F0xx_HAL_Driver/Src/stm32f0xx_hal_uart_ex.o

.debug_aranges  0x00000000     0x1250
 .debug_aranges
                0x00000000       0x40 Src/KL3333.o
 .debug_aranges
                0x00000040       0x70 Src/NMEA.o
 .debug_aranges
                0x000000b0       0x30 Src/adc.o
 .debug_aranges
                0x000000e0       0x30 Src/dac.o
 .debug_aranges
                0x00000110       0x20 Src/gpio.o
 .debug_aranges
                0x00000130       0x30 Src/i2c.o
 .debug_aranges
                0x00000160       0x80 Src/main.o
 .debug_aranges
                0x000001e0       0x20 Src/stm32f0xx_hal_msp.o
 .debug_aranges
                0x00000200       0xd8 Src/stm32f0xx_it.o
 .debug_aranges
                0x000002d8       0x28 Src/system_stm32f0xx.o
 .debug_aranges
                0x00000300       0x70 Src/tim.o
 .debug_aranges
                0x00000370       0x78 Src/usart.o
 .debug_aranges
                0x000003e8       0xb8 Drivers/STM32F0xx_HAL_Driver/Src/stm32f0xx_hal.o
 .debug_aranges
                0x000004a0       0xf8 Drivers/STM32F0xx_HAL_Driver/Src/stm32f0xx_hal_adc.o
 .debug_aranges
                0x00000598       0x78 Drivers/STM32F0xx_HAL_Driver/Src/stm32f0xx_hal_cortex.o
 .debug_aranges
                0x00000610       0xa8 Drivers/STM32F0xx_HAL_Driver/Src/stm32f0xx_hal_dac.o
 .debug_aranges
                0x000006b8       0x68 Drivers/STM32F0xx_HAL_Driver/Src/stm32f0xx_hal_dac_ex.o
 .debug_aranges
                0x00000720       0x88 Drivers/STM32F0xx_HAL_Driver/Src/stm32f0xx_hal_dma.o
 .debug_aranges
                0x000007a8       0x58 Drivers/STM32F0xx_HAL_Driver/Src/stm32f0xx_hal_gpio.o
 .debug_aranges
                0x00000800      0x260 Drivers/STM32F0xx_HAL_Driver/Src/stm32f0xx_hal_i2c.o
 .debug_aranges
                0x00000a60       0x48 Drivers/STM32F0xx_HAL_Driver/Src/stm32f0xx_hal_i2c_ex.o
 .debug_aranges
                0x00000aa8       0x80 Drivers/STM32F0xx_HAL_Driver/Src/stm32f0xx_hal_rcc.o
 .debug_aranges
                0x00000b28       0x30 Drivers/STM32F0xx_HAL_Driver/Src/stm32f0xx_hal_rcc_ex.o
 .debug_aranges
                0x00000b58      0x378 Drivers/STM32F0xx_HAL_Driver/Src/stm32f0xx_hal_tim.o
 .debug_aranges
                0x00000ed0      0x148 Drivers/STM32F0xx_HAL_Driver/Src/stm32f0xx_hal_tim_ex.o
 .debug_aranges
                0x00001018      0x1d8 Drivers/STM32F0xx_HAL_Driver/Src/stm32f0xx_hal_uart.o
 .debug_aranges
                0x000011f0       0x60 Drivers/STM32F0xx_HAL_Driver/Src/stm32f0xx_hal_uart_ex.o

.debug_ranges   0x00000000     0x1148
 .debug_ranges  0x00000000       0x30 Src/KL3333.o
 .debug_ranges  0x00000030       0x90 Src/NMEA.o
 .debug_ranges  0x000000c0       0x20 Src/adc.o
 .debug_ranges  0x000000e0       0x20 Src/dac.o
 .debug_ranges  0x00000100       0x10 Src/gpio.o
 .debug_ranges  0x00000110       0x20 Src/i2c.o
 .debug_ranges  0x00000130       0x70 Src/main.o
 .debug_ranges  0x000001a0       0x10 Src/stm32f0xx_hal_msp.o
 .debug_ranges  0x000001b0       0xc8 Src/stm32f0xx_it.o
 .debug_ranges  0x00000278       0x18 Src/system_stm32f0xx.o
 .debug_ranges  0x00000290       0x60 Src/tim.o
 .debug_ranges  0x000002f0       0x68 Src/usart.o
 .debug_ranges  0x00000358       0xa8 Drivers/STM32F0xx_HAL_Driver/Src/stm32f0xx_hal.o
 .debug_ranges  0x00000400       0xe8 Drivers/STM32F0xx_HAL_Driver/Src/stm32f0xx_hal_adc.o
 .debug_ranges  0x000004e8       0xb0 Drivers/STM32F0xx_HAL_Driver/Src/stm32f0xx_hal_cortex.o
 .debug_ranges  0x00000598       0x98 Drivers/STM32F0xx_HAL_Driver/Src/stm32f0xx_hal_dac.o
 .debug_ranges  0x00000630       0x58 Drivers/STM32F0xx_HAL_Driver/Src/stm32f0xx_hal_dac_ex.o
 .debug_ranges  0x00000688       0x78 Drivers/STM32F0xx_HAL_Driver/Src/stm32f0xx_hal_dma.o
 .debug_ranges  0x00000700       0x48 Drivers/STM32F0xx_HAL_Driver/Src/stm32f0xx_hal_gpio.o
 .debug_ranges  0x00000748      0x250 Drivers/STM32F0xx_HAL_Driver/Src/stm32f0xx_hal_i2c.o
 .debug_ranges  0x00000998       0x38 Drivers/STM32F0xx_HAL_Driver/Src/stm32f0xx_hal_i2c_ex.o
 .debug_ranges  0x000009d0       0x88 Drivers/STM32F0xx_HAL_Driver/Src/stm32f0xx_hal_rcc.o
 .debug_ranges  0x00000a58       0x38 Drivers/STM32F0xx_HAL_Driver/Src/stm32f0xx_hal_rcc_ex.o
 .debug_ranges  0x00000a90      0x368 Drivers/STM32F0xx_HAL_Driver/Src/stm32f0xx_hal_tim.o
 .debug_ranges  0x00000df8      0x138 Drivers/STM32F0xx_HAL_Driver/Src/stm32f0xx_hal_tim_ex.o
 .debug_ranges  0x00000f30      0x1c8 Drivers/STM32F0xx_HAL_Driver/Src/stm32f0xx_hal_uart.o
 .debug_ranges  0x000010f8       0x50 Drivers/STM32F0xx_HAL_Driver/Src/stm32f0xx_hal_uart_ex.o

.debug_macro    0x00000000    0x1385b
 .debug_macro   0x00000000      0x3e3 Src/KL3333.o
 .debug_macro   0x000003e3      0xa4e Src/KL3333.o
 .debug_macro   0x00000e31       0xbd Src/KL3333.o
 .debug_macro   0x00000eee       0x2e Src/KL3333.o
 .debug_macro   0x00000f1c       0x22 Src/KL3333.o
 .debug_macro   0x00000f3e       0x22 Src/KL3333.o
 .debug_macro   0x00000f60       0x8e Src/KL3333.o
 .debug_macro   0x00000fee       0x51 Src/KL3333.o
 .debug_macro   0x0000103f       0xef Src/KL3333.o
 .debug_macro   0x0000112e       0x6a Src/KL3333.o
 .debug_macro   0x00001198      0x1df Src/KL3333.o
 .debug_macro   0x00001377       0x34 Src/KL3333.o
 .debug_macro   0x000013ab       0x26 Src/KL3333.o
 .debug_macro   0x000013d1      0x30d Src/KL3333.o
 .debug_macro   0x000016de     0x8d15 Src/KL3333.o
 .debug_macro   0x0000a3f3       0x3c Src/KL3333.o
 .debug_macro   0x0000a42f       0x5e Src/KL3333.o
 .debug_macro   0x0000a48d       0x18 Src/KL3333.o
 .debug_macro   0x0000a4a5       0x35 Src/KL3333.o
 .debug_macro   0x0000a4da       0x34 Src/KL3333.o
 .debug_macro   0x0000a50e       0x16 Src/KL3333.o
 .debug_macro   0x0000a524       0x97 Src/KL3333.o
 .debug_macro   0x0000a5bb      0x330 Src/KL3333.o
 .debug_macro   0x0000a8eb       0xfd Src/KL3333.o
 .debug_macro   0x0000a9e8       0x10 Src/KL3333.o
 .debug_macro   0x0000a9f8       0x58 Src/KL3333.o
 .debug_macro   0x0000aa50       0x1f Src/KL3333.o
 .debug_macro   0x0000aa6f       0x43 Src/KL3333.o
 .debug_macro   0x0000aab2       0x20 Src/KL3333.o
 .debug_macro   0x0000aad2      0x18e Src/KL3333.o
 .debug_macro   0x0000ac60       0x10 Src/KL3333.o
 .debug_macro   0x0000ac70       0x1c Src/KL3333.o
 .debug_macro   0x0000ac8c       0x52 Src/KL3333.o
 .debug_macro   0x0000acde       0x40 Src/KL3333.o
 .debug_macro   0x0000ad1e       0x10 Src/KL3333.o
 .debug_macro   0x0000ad2e       0x40 Src/KL3333.o
 .debug_macro   0x0000ad6e       0xd7 Src/KL3333.o
 .debug_macro   0x0000ae45       0x1c Src/KL3333.o
 .debug_macro   0x0000ae61       0x3d Src/KL3333.o
 .debug_macro   0x0000ae9e       0x16 Src/KL3333.o
 .debug_macro   0x0000aeb4      0x16f Src/KL3333.o
 .debug_macro   0x0000b023       0x49 Src/KL3333.o
 .debug_macro   0x0000b06c      0x92f Src/KL3333.o
 .debug_macro   0x0000b99b      0x252 Src/KL3333.o
 .debug_macro   0x0000bbed      0x13a Src/KL3333.o
 .debug_macro   0x0000bd27      0x114 Src/KL3333.o
 .debug_macro   0x0000be3b      0x1ed Src/KL3333.o
 .debug_macro   0x0000c028       0x34 Src/KL3333.o
 .debug_macro   0x0000c05c       0x43 Src/KL3333.o
 .debug_macro   0x0000c09f       0x28 Src/KL3333.o
 .debug_macro   0x0000c0c7      0x33d Src/KL3333.o
 .debug_macro   0x0000c404       0xd4 Src/KL3333.o
 .debug_macro   0x0000c4d8       0xca Src/KL3333.o
 .debug_macro   0x0000c5a2       0xd9 Src/KL3333.o
 .debug_macro   0x0000c67b       0xb6 Src/KL3333.o
 .debug_macro   0x0000c731      0x199 Src/KL3333.o
 .debug_macro   0x0000c8ca      0x202 Src/KL3333.o
 .debug_macro   0x0000cacc       0x61 Src/KL3333.o
 .debug_macro   0x0000cb2d       0x90 Src/KL3333.o
 .debug_macro   0x0000cbbd       0x4d Src/KL3333.o
 .debug_macro   0x0000cc0a      0x114 Src/KL3333.o
 .debug_macro   0x0000cd1e      0x845 Src/KL3333.o
 .debug_macro   0x0000d563       0x4c Src/KL3333.o
 .debug_macro   0x0000d5af      0x38a Src/KL3333.o
 .debug_macro   0x0000d939      0x1f7 Src/KL3333.o
 .debug_macro   0x0000db30      0x10d Src/KL3333.o
 .debug_macro   0x0000dc3d       0x4c Src/KL3333.o
 .debug_macro   0x0000dc89       0x22 Src/KL3333.o
 .debug_macro   0x0000dcab      0x39f Src/NMEA.o
 .debug_macro   0x0000e04a       0x58 Src/NMEA.o
 .debug_macro   0x0000e0a2       0x94 Src/NMEA.o
 .debug_macro   0x0000e136      0x174 Src/NMEA.o
 .debug_macro   0x0000e2aa       0x57 Src/NMEA.o
 .debug_macro   0x0000e301      0x1e1 Src/NMEA.o
 .debug_macro   0x0000e4e2       0x1c Src/NMEA.o
 .debug_macro   0x0000e4fe       0x35 Src/NMEA.o
 .debug_macro   0x0000e533      0x363 Src/adc.o
 .debug_macro   0x0000e896      0x363 Src/dac.o
 .debug_macro   0x0000ebf9      0x363 Src/gpio.o
 .debug_macro   0x0000ef5c      0x363 Src/i2c.o
 .debug_macro   0x0000f2bf      0x3ad Src/main.o
 .debug_macro   0x0000f66c      0x359 Src/stm32f0xx_hal_msp.o
 .debug_macro   0x0000f9c5      0x367 Src/stm32f0xx_it.o
 .debug_macro   0x0000fd2c      0x32f Src/system_stm32f0xx.o
 .debug_macro   0x0001005b      0x363 Src/tim.o
 .debug_macro   0x000103be      0x375 Src/usart.o
 .debug_macro   0x00010733      0x353 Drivers/STM32F0xx_HAL_Driver/Src/stm32f0xx_hal.o
 .debug_macro   0x00010a86      0x353 Drivers/STM32F0xx_HAL_Driver/Src/stm32f0xx_hal_adc.o
 .debug_macro   0x00010dd9      0x32f Drivers/STM32F0xx_HAL_Driver/Src/stm32f0xx_hal_cortex.o
 .debug_macro   0x00011108      0x330 Drivers/STM32F0xx_HAL_Driver/Src/stm32f0xx_hal_dac.o
 .debug_macro   0x00011438      0x32f Drivers/STM32F0xx_HAL_Driver/Src/stm32f0xx_hal_dac_ex.o
 .debug_macro   0x00011767      0x32f Drivers/STM32F0xx_HAL_Driver/Src/stm32f0xx_hal_dma.o
 .debug_macro   0x00011a96      0x367 Drivers/STM32F0xx_HAL_Driver/Src/stm32f0xx_hal_gpio.o
 .debug_macro   0x00011dfd      0x3fb Drivers/STM32F0xx_HAL_Driver/Src/stm32f0xx_hal_i2c.o
 .debug_macro   0x000121f8      0x32f Drivers/STM32F0xx_HAL_Driver/Src/stm32f0xx_hal_i2c_ex.o
 .debug_macro   0x00012527      0x341 Drivers/STM32F0xx_HAL_Driver/Src/stm32f0xx_hal_rcc.o
 .debug_macro   0x00012868      0x32f Drivers/STM32F0xx_HAL_Driver/Src/stm32f0xx_hal_rcc_ex.o
 .debug_macro   0x00012b97      0x32f Drivers/STM32F0xx_HAL_Driver/Src/stm32f0xx_hal_tim.o
 .debug_macro   0x00012ec6      0x32f Drivers/STM32F0xx_HAL_Driver/Src/stm32f0xx_hal_tim_ex.o
 .debug_macro   0x000131f5      0x337 Drivers/STM32F0xx_HAL_Driver/Src/stm32f0xx_hal_uart.o
 .debug_macro   0x0001352c      0x32f Drivers/STM32F0xx_HAL_Driver/Src/stm32f0xx_hal_uart_ex.o

.debug_line     0x00000000    0x134db
 .debug_line    0x00000000      0x958 Src/KL3333.o
 .debug_line    0x00000958      0xa38 Src/NMEA.o
 .debug_line    0x00001390      0x8dc Src/adc.o
 .debug_line    0x00001c6c      0x8cd Src/dac.o
 .debug_line    0x00002539      0x8a6 Src/gpio.o
 .debug_line    0x00002ddf      0x8d4 Src/i2c.o
 .debug_line    0x000036b3      0xa14 Src/main.o
 .debug_line    0x000040c7      0x882 Src/stm32f0xx_hal_msp.o
 .debug_line    0x00004949      0xa69 Src/stm32f0xx_it.o
 .debug_line    0x000053b2      0x885 Src/system_stm32f0xx.o
 .debug_line    0x00005c37      0x9b4 Src/tim.o
 .debug_line    0x000065eb      0xa39 Src/usart.o
 .debug_line    0x00007024      0x9cc Drivers/STM32F0xx_HAL_Driver/Src/stm32f0xx_hal.o
 .debug_line    0x000079f0      0xda9 Drivers/STM32F0xx_HAL_Driver/Src/stm32f0xx_hal_adc.o
 .debug_line    0x00008799      0x9c5 Drivers/STM32F0xx_HAL_Driver/Src/stm32f0xx_hal_cortex.o
 .debug_line    0x0000915e      0x9cc Drivers/STM32F0xx_HAL_Driver/Src/stm32f0xx_hal_dac.o
 .debug_line    0x00009b2a      0x9c1 Drivers/STM32F0xx_HAL_Driver/Src/stm32f0xx_hal_dac_ex.o
 .debug_line    0x0000a4eb      0xaa4 Drivers/STM32F0xx_HAL_Driver/Src/stm32f0xx_hal_dma.o
 .debug_line    0x0000af8f      0x9a9 Drivers/STM32F0xx_HAL_Driver/Src/stm32f0xx_hal_gpio.o
 .debug_line    0x0000b938     0x198d Drivers/STM32F0xx_HAL_Driver/Src/stm32f0xx_hal_i2c.o
 .debug_line    0x0000d2c5      0x99b Drivers/STM32F0xx_HAL_Driver/Src/stm32f0xx_hal_i2c_ex.o
 .debug_line    0x0000dc60      0xade Drivers/STM32F0xx_HAL_Driver/Src/stm32f0xx_hal_rcc.o
 .debug_line    0x0000e73e      0x95e Drivers/STM32F0xx_HAL_Driver/Src/stm32f0xx_hal_rcc_ex.o
 .debug_line    0x0000f09c     0x19c8 Drivers/STM32F0xx_HAL_Driver/Src/stm32f0xx_hal_tim.o
 .debug_line    0x00010a64      0xe6a Drivers/STM32F0xx_HAL_Driver/Src/stm32f0xx_hal_tim_ex.o
 .debug_line    0x000118ce     0x1234 Drivers/STM32F0xx_HAL_Driver/Src/stm32f0xx_hal_uart.o
 .debug_line    0x00012b02      0x9d9 Drivers/STM32F0xx_HAL_Driver/Src/stm32f0xx_hal_uart_ex.o

.debug_str      0x00000000    0x5bf8f
 .debug_str     0x00000000    0x56906 Src/KL3333.o
                              0x56bbf (size before relaxing)
 .debug_str     0x00056906      0xaf3 Src/NMEA.o
                              0x573cf (size before relaxing)
 .debug_str     0x000573f9      0x2d8 Src/adc.o
                              0x568b7 (size before relaxing)
 .debug_str     0x000576d1      0x2ef Src/dac.o
                              0x56a19 (size before relaxing)
 .debug_str     0x000579c0       0x1b Src/gpio.o
                              0x564df (size before relaxing)
 .debug_str     0x000579db      0x326 Src/i2c.o
                              0x56bb3 (size before relaxing)
 .debug_str     0x00057d01      0x5c7 Src/main.o
                              0x575c9 (size before relaxing)
 .debug_str     0x000582c8       0x27 Src/stm32f0xx_hal_msp.o
                              0x5640c (size before relaxing)
 .debug_str     0x000582ef      0x1fe Src/stm32f0xx_it.o
                              0x5708a (size before relaxing)
 .debug_str     0x000584ed       0x5a Src/system_stm32f0xx.o
                              0x561f3 (size before relaxing)
 .debug_str     0x00058547      0x1ff Src/tim.o
                              0x56cc8 (size before relaxing)
 .debug_str     0x00058746      0x1a6 Src/usart.o
                              0x56d35 (size before relaxing)
 .debug_str     0x000588ec      0x362 Drivers/STM32F0xx_HAL_Driver/Src/stm32f0xx_hal.o
                              0x5672c (size before relaxing)
 .debug_str     0x00058c4e      0x37b Drivers/STM32F0xx_HAL_Driver/Src/stm32f0xx_hal_adc.o
                              0x568ff (size before relaxing)
 .debug_str     0x00058fc9      0x1a9 Drivers/STM32F0xx_HAL_Driver/Src/stm32f0xx_hal_cortex.o
                              0x565da (size before relaxing)
 .debug_str     0x00059172      0x142 Drivers/STM32F0xx_HAL_Driver/Src/stm32f0xx_hal_dac.o
                              0x5664c (size before relaxing)
 .debug_str     0x000592b4       0xb3 Drivers/STM32F0xx_HAL_Driver/Src/stm32f0xx_hal_dac_ex.o
                              0x5664c (size before relaxing)
 .debug_str     0x00059367      0x229 Drivers/STM32F0xx_HAL_Driver/Src/stm32f0xx_hal_dma.o
                              0x565dc (size before relaxing)
 .debug_str     0x00059590      0x199 Drivers/STM32F0xx_HAL_Driver/Src/stm32f0xx_hal_gpio.o
                              0x5649a (size before relaxing)
 .debug_str     0x00059729      0xd16 Drivers/STM32F0xx_HAL_Driver/Src/stm32f0xx_hal_i2c.o
                              0x573e8 (size before relaxing)
 .debug_str     0x0005a43f       0xb8 Drivers/STM32F0xx_HAL_Driver/Src/stm32f0xx_hal_i2c_ex.o
                              0x56796 (size before relaxing)
 .debug_str     0x0005a4f7      0x1ed Drivers/STM32F0xx_HAL_Driver/Src/stm32f0xx_hal_rcc.o
                              0x565fe (size before relaxing)
 .debug_str     0x0005a6e4       0x97 Drivers/STM32F0xx_HAL_Driver/Src/stm32f0xx_hal_rcc_ex.o
                              0x5637f (size before relaxing)
 .debug_str     0x0005a77b      0xc39 Drivers/STM32F0xx_HAL_Driver/Src/stm32f0xx_hal_tim.o
                              0x57348 (size before relaxing)
 .debug_str     0x0005b3b4      0x49d Drivers/STM32F0xx_HAL_Driver/Src/stm32f0xx_hal_tim_ex.o
                              0x56c74 (size before relaxing)
 .debug_str     0x0005b851      0x5d8 Drivers/STM32F0xx_HAL_Driver/Src/stm32f0xx_hal_uart.o
                              0x56dae (size before relaxing)
 .debug_str     0x0005be29      0x166 Drivers/STM32F0xx_HAL_Driver/Src/stm32f0xx_hal_uart_ex.o
                              0x56820 (size before relaxing)

.comment        0x00000000       0x7f
 .comment       0x00000000       0x7f Src/KL3333.o
                                 0x80 (size before relaxing)
 .comment       0x0000007f       0x80 Src/NMEA.o
 .comment       0x0000007f       0x80 Src/adc.o
 .comment       0x0000007f       0x80 Src/dac.o
 .comment       0x0000007f       0x80 Src/gpio.o
 .comment       0x0000007f       0x80 Src/i2c.o
 .comment       0x0000007f       0x80 Src/main.o
 .comment       0x0000007f       0x80 Src/stm32f0xx_hal_msp.o
 .comment       0x0000007f       0x80 Src/stm32f0xx_it.o
 .comment       0x0000007f       0x80 Src/system_stm32f0xx.o
 .comment       0x0000007f       0x80 Src/tim.o
 .comment       0x0000007f       0x80 Src/usart.o
 .comment       0x0000007f       0x80 Drivers/STM32F0xx_HAL_Driver/Src/stm32f0xx_hal.o
 .comment       0x0000007f       0x80 Drivers/STM32F0xx_HAL_Driver/Src/stm32f0xx_hal_adc.o
 .comment       0x0000007f       0x80 Drivers/STM32F0xx_HAL_Driver/Src/stm32f0xx_hal_cortex.o
 .comment       0x0000007f       0x80 Drivers/STM32F0xx_HAL_Driver/Src/stm32f0xx_hal_dac.o
 .comment       0x0000007f       0x80 Drivers/STM32F0xx_HAL_Driver/Src/stm32f0xx_hal_dac_ex.o
 .comment       0x0000007f       0x80 Drivers/STM32F0xx_HAL_Driver/Src/stm32f0xx_hal_dma.o
 .comment       0x0000007f       0x80 Drivers/STM32F0xx_HAL_Driver/Src/stm32f0xx_hal_gpio.o
 .comment       0x0000007f       0x80 Drivers/STM32F0xx_HAL_Driver/Src/stm32f0xx_hal_i2c.o
 .comment       0x0000007f       0x80 Drivers/STM32F0xx_HAL_Driver/Src/stm32f0xx_hal_i2c_ex.o
 .comment       0x0000007f       0x80 Drivers/STM32F0xx_HAL_Driver/Src/stm32f0xx_hal_rcc.o
 .comment       0x0000007f       0x80 Drivers/STM32F0xx_HAL_Driver/Src/stm32f0xx_hal_rcc_ex.o
 .comment       0x0000007f       0x80 Drivers/STM32F0xx_HAL_Driver/Src/stm32f0xx_hal_tim.o
 .comment       0x0000007f       0x80 Drivers/STM32F0xx_HAL_Driver/Src/stm32f0xx_hal_tim_ex.o
 .comment       0x0000007f       0x80 Drivers/STM32F0xx_HAL_Driver/Src/stm32f0xx_hal_uart.o
 .comment       0x0000007f       0x80 Drivers/STM32F0xx_HAL_Driver/Src/stm32f0xx_hal_uart_ex.o

.debug_frame    0x00000000     0x2fb8
 .debug_frame   0x00000000       0xa4 Src/KL3333.o
 .debug_frame   0x000000a4      0x144 Src/NMEA.o
 .debug_frame   0x000001e8       0x5c Src/adc.o
 .debug_frame   0x00000244       0x5c Src/dac.o
 .debug_frame   0x000002a0       0x30 Src/gpio.o
 .debug_frame   0x000002d0       0x5c Src/i2c.o
 .debug_frame   0x0000032c      0x104 Src/main.o
 .debug_frame   0x00000430       0x24 Src/stm32f0xx_hal_msp.o
 .debug_frame   0x00000454      0x1d0 Src/stm32f0xx_it.o
 .debug_frame   0x00000624       0x38 Src/system_stm32f0xx.o
 .debug_frame   0x0000065c      0x120 Src/tim.o
 .debug_frame   0x0000077c      0x134 Src/usart.o
 .debug_frame   0x000008b0      0x174 Drivers/STM32F0xx_HAL_Driver/Src/stm32f0xx_hal.o
 .debug_frame   0x00000a24      0x2a0 Drivers/STM32F0xx_HAL_Driver/Src/stm32f0xx_hal_adc.o
 .debug_frame   0x00000cc4       0xe4 Drivers/STM32F0xx_HAL_Driver/Src/stm32f0xx_hal_cortex.o
 .debug_frame   0x00000da8      0x160 Drivers/STM32F0xx_HAL_Driver/Src/stm32f0xx_hal_dac.o
 .debug_frame   0x00000f08       0xf4 Drivers/STM32F0xx_HAL_Driver/Src/stm32f0xx_hal_dac_ex.o
 .debug_frame   0x00000ffc      0x168 Drivers/STM32F0xx_HAL_Driver/Src/stm32f0xx_hal_dma.o
 .debug_frame   0x00001164       0xcc Drivers/STM32F0xx_HAL_Driver/Src/stm32f0xx_hal_gpio.o
 .debug_frame   0x00001230      0x77c Drivers/STM32F0xx_HAL_Driver/Src/stm32f0xx_hal_i2c.o
 .debug_frame   0x000019ac       0xb0 Drivers/STM32F0xx_HAL_Driver/Src/stm32f0xx_hal_i2c_ex.o
 .debug_frame   0x00001a5c      0x12c Drivers/STM32F0xx_HAL_Driver/Src/stm32f0xx_hal_rcc.o
 .debug_frame   0x00001b88       0x58 Drivers/STM32F0xx_HAL_Driver/Src/stm32f0xx_hal_rcc_ex.o
 .debug_frame   0x00001be0      0x9d0 Drivers/STM32F0xx_HAL_Driver/Src/stm32f0xx_hal_tim.o
 .debug_frame   0x000025b0      0x3a0 Drivers/STM32F0xx_HAL_Driver/Src/stm32f0xx_hal_tim_ex.o
 .debug_frame   0x00002950      0x500 Drivers/STM32F0xx_HAL_Driver/Src/stm32f0xx_hal_uart.o
 .debug_frame   0x00002e50       0xfc Drivers/STM32F0xx_HAL_Driver/Src/stm32f0xx_hal_uart_ex.o
 .debug_frame   0x00002f4c       0x20 c:/users/dymov/downloads/eclipse-cpp-kepler-sr2-win32/eclipse/plugins/fr.ac6.mcu.externaltools.arm-none.win32_1.17.0.201812190825/tools/compiler/bin/../lib/gcc/arm-none-eabi/7.3.1/thumb/v6-m\libgcc.a(_udivsi3.o)
 .debug_frame   0x00002f6c       0x2c c:/users/dymov/downloads/eclipse-cpp-kepler-sr2-win32/eclipse/plugins/fr.ac6.mcu.externaltools.arm-none.win32_1.17.0.201812190825/tools/compiler/bin/../lib/gcc/arm-none-eabi/7.3.1/../../../../arm-none-eabi/lib/thumb/v6-m\libc_nano.a(lib_a-init.o)
 .debug_frame   0x00002f98       0x20 c:/users/dymov/downloads/eclipse-cpp-kepler-sr2-win32/eclipse/plugins/fr.ac6.mcu.externaltools.arm-none.win32_1.17.0.201812190825/tools/compiler/bin/../lib/gcc/arm-none-eabi/7.3.1/../../../../arm-none-eabi/lib/thumb/v6-m\libc_nano.a(lib_a-memset.o)

.stabstr        0x00000000      0x14d
 .stabstr       0x00000000      0x14d c:/users/dymov/downloads/eclipse-cpp-kepler-sr2-win32/eclipse/plugins/fr.ac6.mcu.externaltools.arm-none.win32_1.17.0.201812190825/tools/compiler/bin/../lib/gcc/arm-none-eabi/7.3.1/../../../../arm-none-eabi/lib/thumb/v6-m\libnosys.a(close.o)
